// Jest Snapshot v1, https://goo.gl/fbAQLP

exports[`Testing a GifItem Debe hacer match con el snapshot 1`] = `
<div>
  <div
    class="card"
  >
    <img
      alt="https://kirino.com/kirino.jpg"
      data-testid="hola"
      src="Kirino"
    />
  </div>
</div>
`;
